
Welcome to Gradle 9.2.1!

Here are the highlights of this release:
 - Windows ARM support
 - Improved publishing APIs
 - Better guidance for dependency verification failures

For more details see https://docs.gradle.org/9.2.1/release-notes.html

To honour the JVM settings for this build a single-use Daemon process will be forked. For more on this, please refer to https://docs.gradle.org/9.2.1/userguide/gradle_daemon.html#sec:disabling_the_daemon in the Gradle documentation.
Daemon will be stopped at the end of the build 
Shared read-only dependency cache is an incubating feature.

> Configure project :
Creating Minecraft artifacts without recompilation.

> Task :createMinecraftArtifacts
Loaded 131 artifacts from /work/candidate/build/tmp/createMinecraftArtifacts/nfrt_artifact_manifest.properties
[1m*** Started working on [4mdownloadJson[23;0m[23;0m
 [1m[92m✓[23;0m Completed [4mdownloadJson[23;0m in 0.06s
[1m*** Started working on [4mdownloadServer[23;0m[23;0m
[1m*** Started working on [4mdownloadClient[23;0m[23;0m
[1m*** Started working on [4mdownloadClientMappings[23;0m[23;0m
 [1m[92m✓[23;0m Completed [4mdownloadServer[23;0m in 0.13s
 [1m[92m✓[23;0m Completed [4mdownloadClient[23;0m in 0.13s
 [1m[92m✓[23;0m Completed [4mdownloadClientMappings[23;0m in 0.13s
[1m*** Started working on [4mstripClient[23;0m[23;0m
 [1m[92m♻[23;0m Used cache of [4mstripClient[23;0m in 0.00s
[1m*** Started working on [4mmergeMappings[23;0m[23;0m
 [1m[92m♻[23;0m Used cache of [4mmergeMappings[23;0m in 0.00s
[1m*** Started working on [4mextractServer[23;0m[23;0m
 [1m[92m♻[23;0m Used cache of [4mextractServer[23;0m in 0.00s
[1m*** Started working on [4mstripServer[23;0m[23;0m
 [1m[92m♻[23;0m Used cache of [4mstripServer[23;0m in 0.00s
[1m*** Started working on [4mmerge[23;0m[23;0m
 [1m[92m♻[23;0m Used cache of [4mmerge[23;0m in 0.00s
[1m*** Started working on [4mrename[23;0m[23;0m
 [1m[92m♻[23;0m Used cache of [4mrename[23;0m in 0.00s
[1m*** Started working on [4mbinaryPatch[23;0m[23;0m
 [1m[92m♻[23;0m Used cache of [4mbinaryPatch[23;0m in 0.00s
[1m*** Started working on [4mcopyUnpatchedClasses[23;0m[23;0m
 [1m[92m♻[23;0m Used cache of [4mcopyUnpatchedClasses[23;0m in 0.00s
[1m*** Started working on [4mapplyDevTransforms[23;0m[23;0m
 [1m[92m♻[23;0m Used cache of [4mapplyDevTransforms[23;0m in 0.00s
[1m*** Started working on [4mbinaryWithNeoForge[23;0m[23;0m
 [1m[92m♻[23;0m Used cache of [4mbinaryWithNeoForge[23;0m in 0.00s
Total runtime: 7.68s


> Task :compileJava

> Task :processResources
> Task :classes

> Task :compileTestJava

> Task :processTestResources NO-SOURCE
> Task :testClasses

> Task :test

SnapshotFormatterUnicodeAcceptanceTest > truncationNeverSplitsAPair() FAILED
    org.opentest4j.AssertionFailedError at SnapshotFormatterUnicodeAcceptanceTest.java:11

SnapshotFormatterUnicodeAcceptanceTest > asciiAndSanitizationStayCompatible() PASSED

SnapshotFormatterUnicodeAcceptanceTest > fullPairAtExactBoundRemainsIntact() PASSED

> Task :test FAILED
5 actionable tasks: 5 executed
