
Welcome to Gradle 9.2.1!

Here are the highlights of this release:
 - Windows ARM support
 - Improved publishing APIs
 - Better guidance for dependency verification failures

For more details see https://docs.gradle.org/9.2.1/release-notes.html

To honour the JVM settings for this build a single-use Daemon process will be forked. For more on this, please refer to https://docs.gradle.org/9.2.1/userguide/gradle_daemon.html#sec:disabling_the_daemon in the Gradle documentation.
Daemon will be stopped at the end of the build 
Shared read-only dependency cache is an incubating feature.

> Configure project :
Creating Minecraft artifacts without recompilation.

> Task :createMinecraftArtifacts
Loaded 131 artifacts from /work/candidate/build/tmp/createMinecraftArtifacts/nfrt_artifact_manifest.properties
*** Started working on downloadJson
 ✓ Completed downloadJson in 0.04s
*** Started working on downloadServer
*** Started working on downloadClient
*** Started working on downloadClientMappings
 ✓ Completed downloadClient in 0.09s
 ✓ Completed downloadServer in 0.09s
 ✓ Completed downloadClientMappings in 0.09s
*** Started working on stripClient
 ♻ Used cache of stripClient in 0.00s
*** Started working on mergeMappings
 ♻ Used cache of mergeMappings in 0.00s
*** Started working on extractServer
 ♻ Used cache of extractServer in 0.00s
*** Started working on stripServer
 ♻ Used cache of stripServer in 0.00s
*** Started working on merge
 ♻ Used cache of merge in 0.00s
*** Started working on rename
 ♻ Used cache of rename in 0.01s
*** Started working on binaryPatch
 ♻ Used cache of binaryPatch in 0.00s
*** Started working on copyUnpatchedClasses
 ♻ Used cache of copyUnpatchedClasses in 0.00s
*** Started working on applyDevTransforms
 ♻ Used cache of applyDevTransforms in 0.00s
*** Started working on binaryWithNeoForge
 ♻ Used cache of binaryWithNeoForge in 0.00s
Total runtime: 6.98s


> Task :compileJava
