m32-clean-gates.log
Task 'runQuestGameTestServer' not found in root project 'ATM-Companion'.
BUILD FAILED in 14s

m32-first-gates-failed.log
[23:16:25] [Server thread/ERROR] [minecraft/LogTestReporter]: planningservicecombinesrealmaterialsfuelandboundedstationcommands failed at -6012821, -60, -9930804! building: Recipe knowledge is building; no previous-generation facts are exposed
BUILD FAILED in 1m 34s

m32-quest-targeted.log
[23:18:15] [Server thread/INFO] [de.at.in.qu.FtbQuestsAdapter$CollectionTiming/]: ATM Companion FTB observation outcome=unavailable chapters=0/0 quests=0/0 tasks=0/0 dependencies=0 readinessMs=0.0501 definitionsMs=0.0 chaptersMs=0.0 questsTasksMs=0.0 validationMs=0.0 totalMs=0.0501
[23:18:15] [Server thread/INFO] [de.at.in.qu.FtbQuestsAdapter$CollectionTiming/]: ATM Companion FTB observation outcome=unavailable chapters=0/0 quests=0/0 tasks=0/0 dependencies=0 readinessMs=0.0758 definitionsMs=0.0 chaptersMs=0.0 questsTasksMs=0.0 validationMs=0.0 totalMs=0.0758
[23:18:16] [Server thread/INFO] [de.at.in.qu.FtbQuestsAdapter$CollectionTiming/]: ATM Companion FTB observation outcome=available chapters=7/7 quests=21/21 tasks=21/21 dependencies=21 readinessMs=0.982 definitionsMs=0.1964 chaptersMs=2.5116 questsTasksMs=21.3769 validationMs=3.059 totalMs=28.1259
[23:18:16] [Server thread/INFO] [de.at.in.qu.FtbQuestsAdapter$CollectionTiming/]: ATM Companion FTB observation outcome=available chapters=7/7 quests=21/21 tasks=21/21 dependencies=21 readinessMs=0.0152 definitionsMs=0.0594 chaptersMs=0.1411 questsTasksMs=1.7077 validationMs=0.2593 totalMs=2.1827
[23:18:16] [Server thread/INFO] [de.at.in.qu.FtbQuestsAdapter$CollectionTiming/]: ATM Companion FTB observation outcome=available chapters=7/7 quests=21/21 tasks=21/21 dependencies=21 readinessMs=0.0219 definitionsMs=0.0825 chaptersMs=0.1984 questsTasksMs=1.6427 validationMs=0.2294 totalMs=2.1749
[23:18:16] [Server thread/INFO] [de.at.in.qu.FtbQuestsAdapter$CollectionTiming/]: ATM Companion FTB observation outcome=available chapters=7/7 quests=21/21 tasks=21/21 dependencies=21 readinessMs=0.0146 definitionsMs=0.0611 chaptersMs=0.0869 questsTasksMs=1.4477 validationMs=0.9681 totalMs=2.5784
[23:18:17] [Server thread/INFO] [de.at.in.qu.FtbQuestsAdapter$CollectionTiming/]: ATM Companion FTB observation outcome=timed_out chapters=73/73 quests=2912/4811 tasks=5812/9601 dependencies=2542 readinessMs=0.0242 definitionsMs=12.2335 chaptersMs=3.181 questsTasksMs=234.7619 validationMs=0.0 totalMs=250.2006
[23:18:17] [Server thread/INFO] [de.at.in.qu.FtbQuestsAdapter$CollectionTiming/]: ATM Companion FTB observation outcome=available chapters=73/73 quests=4811/4811 tasks=9601/9601 dependencies=4212 readinessMs=0.0191 definitionsMs=7.6556 chaptersMs=0.5281 questsTasksMs=190.6674 validationMs=5.0531 totalMs=203.9233
[23:18:17] [Server thread/INFO] [de.at.in.qu.FtbQuestsAdapter$CollectionTiming/]: ATM Companion FTB observation outcome=available chapters=73/73 quests=4811/4811 tasks=9601/9601 dependencies=4212 readinessMs=0.019 definitionsMs=5.9201 chaptersMs=0.3665 questsTasksMs=107.2803 validationMs=3.05 totalMs=116.6359
[23:18:17] [Server thread/INFO] [de.at.in.qu.FtbQuestsAdapter$CollectionTiming/]: ATM Companion FTB observation outcome=available chapters=73/73 quests=4811/4811 tasks=9601/9601 dependencies=4212 readinessMs=0.0183 definitionsMs=4.6103 chaptersMs=0.4281 questsTasksMs=101.9781 validationMs=3.6805 totalMs=110.7153
[23:18:23] [Server thread/ERROR] [minecraft/LogTestReporter]: largebookfirstobservationandlivefreshness failed at 7889828, -60, -10026438! Large real FTB observation 0 unavailable: FTB quest observation exceeded the cooperative 250 ms collection budget during quests_tasks; see server log for bounded phase timings
BUILD FAILED in 1m 7s

m32-quest-profile.log
[23:21:11] [Server thread/INFO] [de.at.in.qu.FtbQuestsAdapter$CollectionTiming/]: ATM Companion FTB observation outcome=unavailable chapters=0/0 quests=0/0 tasks=0/0 dependencies=0 readinessMs=0.0398 definitionsMs=0.0 chaptersMs=0.0 questsTasksMs=0.0 validationMs=0.0 totalMs=0.0398
[23:21:12] [Server thread/INFO] [de.at.in.qu.FtbQuestsAdapter$CollectionTiming/]: ATM Companion FTB observation outcome=unavailable chapters=0/0 quests=0/0 tasks=0/0 dependencies=0 readinessMs=0.0712 definitionsMs=0.0 chaptersMs=0.0 questsTasksMs=0.0 validationMs=0.0 totalMs=0.0712
[23:21:12] [Server thread/INFO] [de.at.in.qu.FtbQuestsAdapter$CollectionTiming/]: ATM Companion FTB observation outcome=available chapters=8/8 quests=24/24 tasks=24/24 dependencies=24 readinessMs=1.0268 definitionsMs=0.1958 chaptersMs=2.7403 questsTasksMs=12.9847 validationMs=3.0978 totalMs=20.0454
[23:21:12] [Server thread/INFO] [de.at.in.qu.FtbQuestsAdapter$CollectionTiming/]: ATM Companion FTB observation outcome=available chapters=8/8 quests=24/24 tasks=24/24 dependencies=24 readinessMs=0.0146 definitionsMs=0.0786 chaptersMs=0.1704 questsTasksMs=2.0512 validationMs=0.2962 totalMs=2.611
[23:21:12] [Server thread/INFO] [de.at.in.qu.FtbQuestsAdapter$CollectionTiming/]: ATM Companion FTB observation outcome=available chapters=8/8 quests=24/24 tasks=24/24 dependencies=24 readinessMs=0.0157 definitionsMs=0.0667 chaptersMs=0.1015 questsTasksMs=1.2596 validationMs=0.1682 totalMs=1.6117
[23:21:12] [Server thread/INFO] [de.at.in.qu.FtbQuestsAdapter$CollectionTiming/]: ATM Companion FTB observation outcome=available chapters=8/8 quests=24/24 tasks=24/24 dependencies=24 readinessMs=0.0159 definitionsMs=0.0586 chaptersMs=0.1653 questsTasksMs=1.3131 validationMs=0.2262 totalMs=1.7791
[23:21:13] [Server thread/INFO] [de.at.in.qu.FtbQuestsAdapter$CollectionTiming/]: ATM Companion FTB observation outcome=timed_out chapters=74/74 quests=3443/4814 tasks=6870/9604 dependencies=3037 readinessMs=0.0176 definitionsMs=11.4067 chaptersMs=2.9857 questsTasksMs=235.896 validationMs=0.0 totalMs=250.306
[23:21:13] [Server thread/INFO] [de.at.in.qu.FtbQuestsAdapter$CollectionTiming/]: ATM Companion FTB observation outcome=available chapters=74/74 quests=4814/4814 tasks=9604/9604 dependencies=4215 readinessMs=0.0185 definitionsMs=6.1473 chaptersMs=0.4193 questsTasksMs=188.4094 validationMs=3.929 totalMs=198.9235
[23:21:13] [Server thread/INFO] [de.at.in.qu.FtbQuestsAdapter$CollectionTiming/]: ATM Companion FTB observation outcome=available chapters=74/74 quests=4814/4814 tasks=9604/9604 dependencies=4215 readinessMs=0.0223 definitionsMs=6.5676 chaptersMs=0.415 questsTasksMs=114.7332 validationMs=3.3552 totalMs=125.0933
[23:21:13] [Server thread/INFO] [de.at.in.qu.FtbQuestsAdapter$CollectionTiming/]: ATM Companion FTB observation outcome=available chapters=74/74 quests=4814/4814 tasks=9604/9604 dependencies=4215 readinessMs=0.0234 definitionsMs=5.4243 chaptersMs=0.2913 questsTasksMs=128.3899 validationMs=4.3231 totalMs=138.452
[23:21:18] [Server thread/ERROR] [minecraft/LogTestReporter]: largebookfirstobservationandlivefreshness failed at 8194620, -60, -75689! Large real FTB observation 0 unavailable: FTB quest observation exceeded the cooperative 250 ms collection budget during quests_tasks; see server log for bounded phase timings
BUILD FAILED in 1m

m32-summary-first-gates-failed.log
[23:30:55] [Server thread/INFO] [de.at.in.qu.FtbQuestsAdapter$CollectionTiming/]: ATM Companion FTB observation mode=full outcome=unavailable chapters=0/0 quests=0/0 tasks=0/0 dependencies=0 readinessMs=0.0403 definitionsMs=0.0 chaptersMs=0.0 questsTasksMs=0.0 validationMs=0.0 totalMs=0.0403
[23:30:55] [Server thread/INFO] [de.at.in.qu.FtbQuestsAdapter$CollectionTiming/]: ATM Companion FTB observation mode=summary outcome=unavailable chapters=0/0 quests=0/0 tasks=0/0 dependencies=0 readinessMs=0.0048 definitionsMs=0.0 chaptersMs=0.0 questsTasksMs=0.0 validationMs=0.0 totalMs=0.0048
[23:30:55] [Server thread/INFO] [de.at.in.qu.FtbQuestsAdapter$CollectionTiming/]: ATM Companion FTB observation mode=full outcome=unavailable chapters=0/0 quests=0/0 tasks=0/0 dependencies=0 readinessMs=0.0711 definitionsMs=0.0 chaptersMs=0.0 questsTasksMs=0.0 validationMs=0.0 totalMs=0.0711
[23:30:55] [Server thread/INFO] [de.at.in.qu.FtbQuestsAdapter$CollectionTiming/]: ATM Companion FTB observation mode=summary outcome=unavailable chapters=0/0 quests=0/0 tasks=0/0 dependencies=0 readinessMs=0.0063 definitionsMs=0.0 chaptersMs=0.0 questsTasksMs=0.0 validationMs=0.0 totalMs=0.0063
[23:30:56] [Server thread/INFO] [de.at.in.qu.FtbQuestsAdapter$CollectionTiming/]: ATM Companion FTB observation mode=full outcome=available chapters=9/9 quests=27/27 tasks=27/27 dependencies=27 readinessMs=3.1465 definitionsMs=0.2305 chaptersMs=3.6464 questsTasksMs=8.8671 validationMs=4.4577 totalMs=20.3482
[23:30:56] [Server thread/INFO] [de.at.in.qu.FtbQuestsAdapter$CollectionTiming/]: ATM Companion FTB observation mode=full outcome=available chapters=9/9 quests=27/27 tasks=27/27 dependencies=27 readinessMs=0.0155 definitionsMs=0.2433 chaptersMs=0.2006 questsTasksMs=3.8581 validationMs=0.2628 totalMs=4.5803
[23:30:56] [Server thread/INFO] [de.at.in.qu.FtbQuestsAdapter$CollectionTiming/]: ATM Companion FTB observation mode=full outcome=available chapters=9/9 quests=27/27 tasks=27/27 dependencies=27 readinessMs=0.0138 definitionsMs=0.0649 chaptersMs=0.203 questsTasksMs=1.3916 validationMs=0.221 totalMs=1.8943
[23:30:56] [Server thread/INFO] [de.at.in.qu.FtbQuestsAdapter$CollectionTiming/]: ATM Companion FTB observation mode=summary outcome=available chapters=9/9 quests=27/27 tasks=0/0 dependencies=0 readinessMs=0.0143 definitionsMs=0.0512 chaptersMs=0.0405 questsTasksMs=0.3919 validationMs=0.6558 totalMs=1.1537
[23:30:56] [Server thread/INFO] [de.at.in.qu.FtbQuestsAdapter$CollectionTiming/]: ATM Companion FTB observation mode=full outcome=available chapters=9/9 quests=27/27 tasks=27/27 dependencies=27 readinessMs=0.0184 definitionsMs=0.109 chaptersMs=0.1099 questsTasksMs=1.5182 validationMs=0.387 totalMs=2.1425
[23:30:56] [Server thread/INFO] [de.at.in.qu.FtbQuestsAdapter$CollectionTiming/]: ATM Companion FTB observation mode=summary outcome=available chapters=9/9 quests=27/27 tasks=0/0 dependencies=0 readinessMs=0.0246 definitionsMs=0.0757 chaptersMs=0.0417 questsTasksMs=0.207 validationMs=0.1771 totalMs=0.5261
[23:30:57] [Server thread/INFO] [de.at.in.qu.FtbQuestsAdapter$CollectionTiming/]: ATM Companion FTB observation mode=summary outcome=available chapters=75/75 quests=4817/4817 tasks=0/0 dependencies=0 readinessMs=0.0164 definitionsMs=38.5254 chaptersMs=11.4794 questsTasksMs=38.0389 validationMs=0.188 totalMs=88.2481
[23:30:57] [Server thread/INFO] [de.at.in.qu.FtbQuestsAdapter$CollectionTiming/]: ATM Companion FTB observation mode=full outcome=timed_out chapters=75/75 quests=1285/4817 tasks=2563/9607 dependencies=1112 readinessMs=0.0176 definitionsMs=9.268 chaptersMs=10.6839 questsTasksMs=264.2215 validationMs=0.0 totalMs=284.191
[23:30:57] [Server thread/INFO] [de.at.in.qu.FtbQuestsAdapter$CollectionTiming/]: ATM Companion FTB observation mode=full outcome=timed_out chapters=75/75 quests=4463/4817 tasks=8902/9607 dependencies=3911 readinessMs=0.0315 definitionsMs=7.2657 chaptersMs=26.0514 questsTasksMs=216.6954 validationMs=0.0 totalMs=250.044
[23:30:57] [Server thread/INFO] [de.at.in.qu.FtbQuestsAdapter$CollectionTiming/]: ATM Companion FTB observation mode=full outcome=available chapters=75/75 quests=4817/4817 tasks=9607/9607 dependencies=4218 readinessMs=0.0176 definitionsMs=5.2375 chaptersMs=0.4354 questsTasksMs=129.7585 validationMs=3.991 totalMs=139.44
[23:30:58] [Server thread/INFO] [de.at.in.qu.FtbQuestsAdapter$CollectionTiming/]: ATM Companion FTB observation mode=full outcome=available chapters=75/75 quests=4817/4817 tasks=9607/9607 dependencies=4218 readinessMs=0.0408 definitionsMs=5.2187 chaptersMs=0.3445 questsTasksMs=174.152 validationMs=10.2519 totalMs=190.0079
[23:30:58] [Server thread/INFO] [de.at.in.qu.FtbQuestsAdapter$CollectionTiming/]: ATM Companion FTB observation mode=full outcome=available chapters=75/75 quests=4817/4817 tasks=9607/9607 dependencies=4218 readinessMs=0.0439 definitionsMs=7.9408 chaptersMs=0.4768 questsTasksMs=138.5386 validationMs=14.1786 totalMs=161.1787
[23:30:58] [Server thread/INFO] [de.at.in.qu.FtbQuestsAdapter$CollectionTiming/]: ATM Companion FTB observation mode=summary outcome=available chapters=75/75 quests=4817/4817 tasks=0/0 dependencies=0 readinessMs=0.0207 definitionsMs=2.4834 chaptersMs=0.2329 questsTasksMs=10.1408 validationMs=0.1421 totalMs=13.0199
[23:30:58] [Server thread/INFO] [de.at.in.qu.FtbQuestsAdapter$CollectionTiming/]: ATM Companion FTB observation mode=summary outcome=available chapters=75/75 quests=4817/4817 tasks=0/0 dependencies=0 readinessMs=0.0155 definitionsMs=4.7543 chaptersMs=2.1398 questsTasksMs=9.7952 validationMs=0.1689 totalMs=16.8737
[23:30:59] [Server thread/INFO] [de.at.in.qu.FtbQuestsAdapter$CollectionTiming/]: ATM Companion FTB observation mode=full outcome=available chapters=75/75 quests=4817/4817 tasks=9607/9607 dependencies=4218 readinessMs=0.0178 definitionsMs=8.9007 chaptersMs=0.2376 questsTasksMs=172.3945 validationMs=14.3643 totalMs=195.9149
[23:30:59] [Server thread/INFO] [de.at.in.qu.FtbQuestsAdapter$CollectionTiming/]: ATM Companion FTB observation mode=summary outcome=available chapters=75/75 quests=4817/4817 tasks=0/0 dependencies=0 readinessMs=0.0159 definitionsMs=2.979 chaptersMs=0.2068 questsTasksMs=1.1835 validationMs=0.1299 totalMs=4.5151
[23:30:59] [Server thread/INFO] [de.at.in.qu.FtbQuestsAdapter$CollectionTiming/]: ATM Companion FTB observation mode=full outcome=available chapters=75/75 quests=4817/4817 tasks=9607/9607 dependencies=4218 readinessMs=0.0177 definitionsMs=14.683 chaptersMs=0.2185 questsTasksMs=121.4081 validationMs=12.7665 totalMs=149.0938
[23:30:59] [Server thread/INFO] [de.at.in.qu.FtbQuestsAdapter$CollectionTiming/]: ATM Companion FTB observation mode=summary outcome=available chapters=75/75 quests=4817/4817 tasks=0/0 dependencies=0 readinessMs=0.0145 definitionsMs=2.5958 chaptersMs=0.177 questsTasksMs=11.0256 validationMs=0.1435 totalMs=13.9564
[23:30:59] [Server thread/INFO] [de.at.in.qu.FtbQuestsAdapter$CollectionTiming/]: ATM Companion FTB observation mode=summary outcome=available chapters=75/75 quests=4816/4816 tasks=0/0 dependencies=0 readinessMs=0.0197 definitionsMs=4.6249 chaptersMs=0.1818 questsTasksMs=10.8696 validationMs=0.1371 totalMs=15.8331
[23:30:59] [Server thread/INFO] [de.at.in.qu.FtbQuestsAdapter$CollectionTiming/]: ATM Companion FTB observation mode=full outcome=timed_out chapters=75/75 quests=1139/4816 tasks=2275/9605 dependencies=986 readinessMs=0.0164 definitionsMs=4.293 chaptersMs=2.2993 questsTasksMs=296.5998 validationMs=0.0 totalMs=303.2085
[23:31:06] [Server thread/ERROR] [minecraft/LogTestReporter]: largebookfirstobservationandlivefreshness failed at -2306440, -60, -14239766! Large real FTB observation unavailable: FTB quest full observation exceeded the cooperative 250 ms collection budget during quests_tasks; see server log for bounded phase timings
BUILD FAILED in 2m 44s