{
  "at": "2026-10-06T16:37:03.828070+00:00",
  "completed_cells": 6,
  "complete": true,
  "aggregates": {
    "complete_structured_worker_response": 6,
    "actionable_response": 6,
    "verified_software_success": 0,
    "transitions": {
      "task": 6,
      "planner_call": 6,
      "valid_plan": 6,
      "ownership_valid": 6,
      "worker": 6,
      "worker_response": 6,
      "executable_edit": 6,
      "targeted_verification": 6,
      "worker_correction": 6,
      "revised_edit": 1,
      "frozen_acceptance": 0,
      "full_gate": 0,
      "full_gate_passed": 0,
      "semantic_review": 6,
      "human_review_eligibility": 0
    },
    "worker_call_counts": {
      "response_complete": 12,
      "parseable": 12,
      "schema_valid": 12,
      "complete_structured_worker_response": 12,
      "actionable": 12
    },
    "worker_calls": 12,
    "worker_timeouts": 0,
    "runtime_failure_cells": 0,
    "verifier_runtime_failure_cells": 0,
    "reviews": {
      "rejected": 5,
      "approved": 1
    },
    "quality": {
      "malformed_worker_responses": 0,
      "schema_invalid_workers": 0,
      "unauthorized_operation_responses": 0,
      "compilation_failures": 5,
      "behavioral_fails": 2
    },
    "median_completed_worker_seconds": 108.05244159999711,
    "totals": {
      "model_calls": 25,
      "provider_attempts": 26,
      "input_tokens_known": 137034,
      "output_tokens_known": 14748,
      "model_seconds": 4544.657792700018,
      "verification_seconds": 1185.5890669000219,
      "wall_seconds": 5864.5279844999895
    }
  },
  "historical_selected_failed_calls_completed": 0,
  "historical_any_worker_response_cells": 1,
  "historical_executable_edits_cells": 1,
  "historical_targeted_verification_cells": 1,
  "historical_acceptance_cells": 0,
  "historical_full_gate_success_cells": 0
}
