{
  "at": "2026-10-06T01:33:10.686268+00:00",
  "artifact_integrity_passed": true,
  "experimental_measurement_valid": false,
  "classification": "EXPERIMENT_INVALID",
  "reason": "New measurement harness raised before actual verifier invocation, changing the live controller trajectory.",
  "source_tree_hash_before": "433d575ac0dfebab27e43d46c75a9e73ad66adb69dda196ba3455ed64ea9cd4b",
  "source_tree_hash_after": "433d575ac0dfebab27e43d46c75a9e73ad66adb69dda196ba3455ed64ea9cd4b",
  "source_changes": [],
  "original_source_matches": true,
  "prior_files_checked": 33430,
  "prior_files_changed": [],
  "baseline_sha256": "230340980b85d60b7a59d3aa338dffc4447c1bb7d8df90bff4d0dbe89afe5388",
  "frozen_test_hashes": {
    "J001": "80c1ced02955971cc827aed4e983d9407b919f47cc3af20f457f3a0f0098f159",
    "J002": "ba419614ac0603345a1284cf6d7924d6a2c42bd00291c76c531d20ef81ae6372",
    "J003": "300538d10ceadaa6c63d750a398849165fdf37b282fbcfe87f99e84e5f60abc9",
    "J004": "1be437ad056fa49e7ee8980fe6ceaa0d2d45ba8e81b52d917cb8dcbf7138303c"
  },
  "verifier_image_id": "sha256:b71e6beae584a3bba27e6fe782a27ef971b481b1dff7226bc57f28626843ad26",
  "approved_environment_matches": true,
  "nfrt_attestation_sha256": "8c6df7a0c494053f083b4e97a24647b6a066ae024d6402b8ff2c89d0df781b04",
  "nfrt_seed_verified": true,
  "candidate_origin_sha256": "230340980b85d60b7a59d3aa338dffc4447c1bb7d8df90bff4d0dbe89afe5388",
  "rolled_back_stage_sha256": "230340980b85d60b7a59d3aa338dffc4447c1bb7d8df90bff4d0dbe89afe5388",
  "transient_candidate_preserved": true,
  "applied": false,
  "promotion_allowed": false,
  "promotion_authorization": "not_authorized",
  "actual_verifier_invocations": 0,
  "frozen_acceptance": "not_run",
  "full_gate": "not_run",
  "planned_trials": 16,
  "valid_completed_trials": 0,
  "compromised_cells": 1,
  "unstarted_cells": 15,
  "task_model_calls": 3,
  "task_provider_attempts": 4,
  "known_input_tokens": 10842,
  "known_output_tokens": 500,
  "model_seconds": 424.9541157000058,
  "token_accounting_limitation": "First failed allocation attempt has no terminal token usage; totals are completed logical-call counts only.",
  "task_trials_replaced": 0,
  "readiness_repeated": false,
  "study_executor_exit": "Exited by KeyError before the next cell; no process was killed by the subsequent stop check."
}
