LOCAL|study_started||running
LOCAL|task_preflight|T001|
LOCAL|task_started|T001|
LOCAL|stage|T001|queued
LOCAL|stage|T001|planning
LOCAL|stage|T001|backend
LOCAL|stage|T001|tests
LOCAL|stage|T001|review
LOCAL|stage|T001|completed
LOCAL|task_finished|T001|rejected
LOCAL|task_preflight|T002|
LOCAL|task_started|T002|
LOCAL|stage|T002|queued
LOCAL|stage|T002|planning
LOCAL|stage|T002|backend
LOCAL|stage|T002|tests
LOCAL|stage|T002|review
LOCAL|stage|T002|completed
LOCAL|task_finished|T002|rejected
LOCAL|task_preflight|T003|
LOCAL|task_started|T003|
LOCAL|stage|T003|queued
LOCAL|stage|T003|planning
LOCAL|stage|T003|backend
LOCAL|stage|T003|tests
LOCAL|stage|T003|review
LOCAL|stage|T003|completed
LOCAL|task_finished|T003|rejected
LOCAL|task_preflight|T004|
LOCAL|task_started|T004|
LOCAL|stage|T004|queued
LOCAL|stage|T004|planning
LOCAL|stage|T004|backend
LOCAL|stage|T004|tests
LOCAL|stage|T004|review
LOCAL|stage|T004|completed
LOCAL|task_finished|T004|rejected
LOCAL|task_preflight|T005|
LOCAL|task_started|T005|
LOCAL|stage|T005|queued
LOCAL|stage|T005|planning
LOCAL|stage|T005|backend
LOCAL|stage|T005|tests
LOCAL|stage|T005|review
LOCAL|stage|T005|completed
LOCAL|task_finished|T005|rejected
LOCAL|task_preflight|T006|
LOCAL|task_started|T006|
LOCAL|stage|T006|queued
LOCAL|stage|T006|planning
LOCAL|stage|T006|backend
LOCAL|stage|T006|tests
LOCAL|stage|T006|review
LOCAL|stage|T006|completed
LOCAL|task_finished|T006|rejected
LOCAL|task_preflight|T007|
LOCAL|task_started|T007|
LOCAL|stage|T007|queued
LOCAL|stage|T007|planning
LOCAL|stage|T007|backend
LOCAL|stage|T007|tests
LOCAL|stage|T007|review
LOCAL|stage|T007|completed
LOCAL|task_finished|T007|rejected
LOCAL|task_preflight|T008|
LOCAL|task_started|T008|
LOCAL|stage|T008|queued
LOCAL|stage|T008|planning
LOCAL|stage|T008|backend
LOCAL|stage|T008|tests
LOCAL|stage|T008|review
LOCAL|stage|T008|completed
LOCAL|task_finished|T008|rejected
LOCAL|task_preflight|N001|
LOCAL|task_started|N001|
LOCAL|stage|N001|queued
LOCAL|stage|N001|planning
LOCAL|stage|N001|backend
LOCAL|stage|N001|tests
LOCAL|stage|N001|review
LOCAL|stage|N001|completed
LOCAL|task_finished|N001|rejected
LOCAL|task_preflight|N002|
LOCAL|task_started|N002|
LOCAL|stage|N002|queued
LOCAL|stage|N002|planning
LOCAL|stage|N002|backend
LOCAL|stage|N002|tests
LOCAL|stage|N002|review
LOCAL|stage|N002|completed
LOCAL|task_finished|N002|rejected
LOCAL|task_preflight|N003|
LOCAL|task_started|N003|
LOCAL|stage|N003|queued
LOCAL|stage|N003|planning
LOCAL|stage|N003|backend
LOCAL|stage|N003|tests
LOCAL|stage|N003|review
LOCAL|stage|N003|completed
LOCAL|task_finished|N003|rejected
LOCAL|task_preflight|N004|
LOCAL|task_started|N004|
LOCAL|stage|N004|queued
LOCAL|stage|N004|planning
LOCAL|stage|N004|backend
LOCAL|stage|N004|tests
LOCAL|stage|N004|review
LOCAL|stage|N004|completed
LOCAL|task_finished|N004|rejected
LOCAL|task_preflight|N005|
LOCAL|task_started|N005|
LOCAL|stage|N005|queued
LOCAL|stage|N005|planning
LOCAL|stage|N005|backend
LOCAL|stage|N005|tests
LOCAL|stage|N005|review
LOCAL|stage|N005|completed
LOCAL|task_finished|N005|rejected
LOCAL|task_preflight|N006|
LOCAL|task_started|N006|
LOCAL|stage|N006|queued
LOCAL|stage|N006|planning
LOCAL|stage|N006|backend
LOCAL|stage|N006|tests
LOCAL|stage|N006|review
LOCAL|stage|N006|completed
LOCAL|task_finished|N006|rejected
LOCAL|task_preflight|N007|
LOCAL|task_started|N007|
LOCAL|stage|N007|queued
LOCAL|stage|N007|planning
LOCAL|stage|N007|backend
LOCAL|stage|N007|tests
LOCAL|stage|N007|review
LOCAL|stage|N007|completed
LOCAL|task_finished|N007|rejected
LOCAL|task_preflight|N008|
LOCAL|task_started|N008|
LOCAL|stage|N008|queued
LOCAL|stage|N008|planning
LOCAL|stage|N008|backend
LOCAL|stage|N008|tests
LOCAL|stage|N008|review
LOCAL|stage|N008|completed
LOCAL|task_finished|N008|rejected
LOCAL|study_complete||completed
