{
  "at": "2026-10-06T08:52:37.974049+00:00",
  "passed": true,
  "source_tree_hash_before": "f495206de7fecfe5950f941826a84dfd1d81d2ceac164a1899d5eede5cd04ca7",
  "source_tree_hash_after": "f495206de7fecfe5950f941826a84dfd1d81d2ceac164a1899d5eede5cd04ca7",
  "source_changes": [],
  "original_source_matches": true,
  "prior_files_checked": 56755,
  "prior_changed": [],
  "baseline_sha256": "230340980b85d60b7a59d3aa338dffc4447c1bb7d8df90bff4d0dbe89afe5388",
  "frozen_tests": {
    "J001": "80c1ced02955971cc827aed4e983d9407b919f47cc3af20f457f3a0f0098f159",
    "J002": "ba419614ac0603345a1284cf6d7924d6a2c42bd00291c76c531d20ef81ae6372",
    "J003": "300538d10ceadaa6c63d750a398849165fdf37b282fbcfe87f99e84e5f60abc9",
    "J004": "1be437ad056fa49e7ee8980fe6ceaa0d2d45ba8e81b52d917cb8dcbf7138303c"
  },
  "approved_verifier_environment_matches": true,
  "nfrt_attestation_sha256": "9ec38a4912981e3e34e0ee4bbeb7c8dfa04a6d23beba3b49829a43e5b2a124a3",
  "exact_frozen_order": true,
  "promotion_calls": 0,
  "isolation_basis": "Every initial candidate and its unchanged candidate-origin tree matches the frozen baseline; only each run-owned private stage contains edits. Models receive only controller-mediated context inside that root. No previous stage is used as an input."
}
