FOUR|started||running
FOUR|task_started|T001|
FOUR|stage|T001|queued
FOUR|stage|T001|planning
FOUR|stage|T001|backend
FOUR|stage|T001|tests
FOUR|stage|T001|review
FOUR|stage|T001|completed
FOUR|task_finished|T001|rejected
FOUR|task_started|T002|
FOUR|stage|T002|queued
FOUR|stage|T002|planning
FOUR|stage|T002|backend
FOUR|stage|T002|tests
FOUR|stage|T002|review
FOUR|stage|T002|completed
FOUR|task_finished|T002|rejected
FOUR|task_started|T003|
FOUR|stage|T003|queued
FOUR|stage|T003|planning
FOUR|stage|T003|backend
FOUR|stage|T003|tests
FOUR|stage|T003|review
FOUR|stage|T003|completed
FOUR|task_finished|T003|rejected
FOUR|task_started|T004|
FOUR|stage|T004|queued
FOUR|stage|T004|planning
FOUR|stage|T004|backend
FOUR|stage|T004|tests
FOUR|stage|T004|review
FOUR|stage|T004|completed
FOUR|task_finished|T004|rejected
FOUR|completed||completed
