
Welcome to Gradle 9.2.1!

Here are the highlights of this release:
 - Windows ARM support
 - Improved publishing APIs
 - Better guidance for dependency verification failures

For more details see https://docs.gradle.org/9.2.1/release-notes.html

To honour the JVM settings for this build a single-use Daemon process will be forked. For more on this, please refer to https://docs.gradle.org/9.2.1/userguide/gradle_daemon.html#sec:disabling_the_daemon in the Gradle documentation.
Daemon will be stopped at the end of the build 
Shared read-only dependency cache is an incubating feature.

> Configure project :
Creating Minecraft artifacts without recompilation.

> Task :createMinecraftArtifacts
Loaded 131 artifacts from /work/candidate/build/tmp/createMinecraftArtifacts/nfrt_artifact_manifest.properties
[1m*** Started working on [4mdownloadJson[23;0m[23;0m
 [1m[92m✓[23;0m Completed [4mdownloadJson[23;0m in 0.08s
[1m*** Started working on [4mdownloadServer[23;0m[23;0m
[1m*** Started working on [4mdownloadClientMappings[23;0m[23;0m
[1m*** Started working on [4mdownloadClient[23;0m[23;0m
 [1m[92m✓[23;0m Completed [4mdownloadServer[23;0m in 0.12s
 [1m[92m✓[23;0m Completed [4mdownloadClientMappings[23;0m in 0.12s
 [1m[92m✓[23;0m Completed [4mdownloadClient[23;0m in 0.12s
[1m*** Started working on [4mstripClient[23;0m[23;0m
[1m*** Started working on [4mextractServer[23;0m[23;0m
 ↳ Running external tool net.neoforged.installertools:installertools:2.1.2:fatjar
[1m*** Started working on [4mmergeMappings[23;0m[23;0m
 ↳ Running external tool net.neoforged.installertools:installertools:2.1.2:fatjar
 [1m[92m✓[23;0m Completed [4mextractServer[23;0m in 4.06s
[1m*** Started working on [4mstripServer[23;0m[23;0m
 [1m[92m✓[23;0m Completed [4mstripServer[23;0m in 9.80s
 [1m[92m✓[23;0m Completed [4mstripClient[23;0m in 16.69s
[1m*** Started working on [4mmerge[23;0m[23;0m
 ↳ Running external tool net.neoforged:mergetool:2.0.3:fatjar
 [1m[92m✓[23;0m Completed [4mmergeMappings[23;0m in 21.75s
 [1m[92m✓[23;0m Completed [4mmerge[23;0m in 15.48s
[1m*** Started working on [4mrename[23;0m[23;0m
 ↳ Running external tool net.neoforged:AutoRenamingTool:2.0.3:all
